manifest should match snapshot with TLS:
  1: |
    apiVersion: v1
    kind: Service
    metadata:
      annotations:
        steadybit.com/extension-auto-discovery: |
          {"extensions":[{"port":8088,"protocol":"https","types":["ACTION","DISCOVERY","ADVICE"]}]}
      labels: null
      name: RELEASE-NAME-steadybit-extension-kubernetes-kubectl-example
      namespace: NAMESPACE
    spec:
      ports:
        - appProtocol: tcp
          name: tcp-app
          port: 8088
          protocol: TCP
          targetPort: 8088
      selector:
        app.kubernetes.io/instance: RELEASE-NAME
        app.kubernetes.io/name: steadybit-extension-kubernetes-kubectl-example
manifest should match snapshot with mutual TLS:
  1: |
    apiVersion: v1
    kind: Service
    metadata:
      annotations:
        steadybit.com/extension-auto-discovery: |
          {"extensions":[{"port":8088,"protocol":"https","types":["ACTION","DISCOVERY","ADVICE"]}]}
      labels: null
      name: RELEASE-NAME-steadybit-extension-kubernetes-kubectl-example
      namespace: NAMESPACE
    spec:
      ports:
        - appProtocol: tcp
          name: tcp-app
          port: 8088
          protocol: TCP
          targetPort: 8088
      selector:
        app.kubernetes.io/instance: RELEASE-NAME
        app.kubernetes.io/name: steadybit-extension-kubernetes-kubectl-example
manifest should match snapshot with mutual TLS using containerPaths:
  1: |
    apiVersion: v1
    kind: Service
    metadata:
      annotations:
        steadybit.com/extension-auto-discovery: |
          {"extensions":[{"port":8088,"protocol":"https","types":["ACTION","DISCOVERY","ADVICE"]}]}
      labels: null
      name: RELEASE-NAME-steadybit-extension-kubernetes-kubectl-example
      namespace: NAMESPACE
    spec:
      ports:
        - appProtocol: tcp
          name: tcp-app
          port: 8088
          protocol: TCP
          targetPort: 8088
      selector:
        app.kubernetes.io/instance: RELEASE-NAME
        app.kubernetes.io/name: steadybit-extension-kubernetes-kubectl-example
manifest should match snapshot without TLS:
  1: |
    apiVersion: v1
    kind: Service
    metadata:
      annotations:
        steadybit.com/extension-auto-discovery: |
          {"extensions":[{"port":8088,"protocol":"http","types":["ACTION","DISCOVERY","ADVICE"]}]}
      labels: null
      name: RELEASE-NAME-steadybit-extension-kubernetes-kubectl-example
      namespace: NAMESPACE
    spec:
      ports:
        - appProtocol: tcp
          name: tcp-app
          port: 8088
          protocol: TCP
          targetPort: 8088
      selector:
        app.kubernetes.io/instance: RELEASE-NAME
        app.kubernetes.io/name: steadybit-extension-kubernetes-kubectl-example
